// Jest Snapshot v1, https://goo.gl/fbAQLP

exports[`SettingsSearch renders 1`] = `
<div
  className="settings-search"
/>
`;
